Package    Version
---------- -------
rich       13.0.0
pytest     7.4.0
black      23.0.0
ruff       0.1.0
mypy       1.5.0