============================= test session starts ==============================
platform linux -- Python 3.11.0, pytest-7.4.0, pluggy-1.3.0
rootdir: /tmp/test_project
configfile: pyproject.toml
testpaths: tests
collected 2 items

tests/test_sample.py ..                                                 [100%]

============================== 2 passed in 0.05s ===============================